Getting Errors in the terminal, even after fixing the issue


rm -rf node_modules && npm install